$ git status
On branch master
Your branch is up to date with 'origin/master'.
Changes to be committed:
        new file:   src/Main.java
Changes not staged for commit:
        modified:   src/Main.java
Untracked files:
        .idea/
        task1.1.iml


$ git commit -m "Add .gitignore"
On branch master

Initial commit

Untracked files:
        .idea/
        out/
        src/
        task1.1.iml

nothing added to commit but untracked files present$ git log
commit 333d77290712e84edba752c513ef32ec304a2f14 (HEAD -> master)
Author: froggypol <poinatsitovich@gmail.com>
Date:   Mon Feb 18 00:10:52 2019 +0300

    status1.txt

commit 1313b42d2a758c03651c81549f736a3d4c29a3c1
Author: froggypol <poinatsitovich@gmail.com>
Date:   Sun Feb 17 22:50:10 2019 +0300

    Add.gitignore